../../TouchGFX/target/generated/SoftwareMJPEGDecoder.hpp:44:22:virtual uint32_t SoftwareMJPEGDecoder::getCurrentFrameNumber() const	0	static
../../TouchGFX/target/generated/SoftwareMJPEGDecoder.hpp:58:23:virtual MJPEGDecoder::AVIErrors SoftwareMJPEGDecoder::getLastError()	0	static
C:/TouchGFXProjects/MyApplication_4/TouchGFX/target/generated/SoftwareMJPEGDecoder.cpp:226:6:virtual bool SoftwareMJPEGDecoder::hasVideo()	0	static
C:/TouchGFXProjects/MyApplication_4/TouchGFX/target/generated/SoftwareMJPEGDecoder.cpp:551:10:virtual uint32_t SoftwareMJPEGDecoder::getNumberOfFrames()	0	static
C:/TouchGFXProjects/MyApplication_4/TouchGFX/target/generated/SoftwareMJPEGDecoder.cpp:556:6:virtual void SoftwareMJPEGDecoder::getVideoInfo(touchgfx::VideoInformation*)	8	static
../../TouchGFX/target/generated/SoftwareMJPEGDecoder.hpp:23:7:SoftwareMJPEGDecoder::~SoftwareMJPEGDecoder()	0	static
C:/TouchGFXProjects/MyApplication_4/TouchGFX/target/generated/SoftwareMJPEGDecoder.cpp:525:6:virtual bool SoftwareMJPEGDecoder::decodeThumbnail(uint32_t, uint8_t*, uint16_t, uint16_t)	8	static
../../TouchGFX/target/generated/SoftwareMJPEGDecoder.hpp:23:7:virtual SoftwareMJPEGDecoder::~SoftwareMJPEGDecoder()	8	static
C:/TouchGFXProjects/MyApplication_4/TouchGFX/target/generated/SoftwareMJPEGDecoder.cpp:334:6:0(const uint8_t*, uint32_t, uint8_t*, uint16_t, uint16_t, uint32_t)	664	static
C:/TouchGFXProjects/MyApplication_4/TouchGFX/target/generated/SoftwareMJPEGDecoder.cpp:41:1:SoftwareMJPEGDecoder::SoftwareMJPEGDecoder(uint8_t*)	0	static
C:/TouchGFXProjects/MyApplication_4/TouchGFX/target/generated/SoftwareMJPEGDecoder.cpp:52:5:int SoftwareMJPEGDecoder::compare(uint32_t, const char*, uint32_t)	4	static
C:/TouchGFXProjects/MyApplication_4/TouchGFX/target/generated/SoftwareMJPEGDecoder.cpp:67:17:uint32_t SoftwareMJPEGDecoder::getU32(uint32_t)	8	static
C:/TouchGFXProjects/MyApplication_4/TouchGFX/target/generated/SoftwareMJPEGDecoder.cpp:82:17:uint32_t SoftwareMJPEGDecoder::getU16(uint32_t)	0	static
C:/TouchGFXProjects/MyApplication_4/TouchGFX/target/generated/SoftwareMJPEGDecoder.cpp:97:16:const uint8_t* SoftwareMJPEGDecoder::readData(uint32_t, uint32_t)	16	static
C:/TouchGFXProjects/MyApplication_4/TouchGFX/target/generated/SoftwareMJPEGDecoder.cpp:171:6:virtual bool SoftwareMJPEGDecoder::gotoNextFrame()	32	static
C:/TouchGFXProjects/MyApplication_4/TouchGFX/target/generated/SoftwareMJPEGDecoder.cpp:419:6:virtual bool SoftwareMJPEGDecoder::decodeFrame(const touchgfx::Rect&, uint8_t*, uint32_t)	672	static
C:/TouchGFXProjects/MyApplication_4/TouchGFX/target/generated/SoftwareMJPEGDecoder.cpp:531:6:virtual void SoftwareMJPEGDecoder::gotoFrame(uint32_t)	16	static
C:/TouchGFXProjects/MyApplication_4/TouchGFX/target/generated/SoftwareMJPEGDecoder.cpp:231:6:void SoftwareMJPEGDecoder::readVideoHeader()	32	static
C:/TouchGFXProjects/MyApplication_4/TouchGFX/target/generated/SoftwareMJPEGDecoder.cpp:208:6:virtual void SoftwareMJPEGDecoder::setVideoData(const uint8_t*, uint32_t)	0	static
C:/TouchGFXProjects/MyApplication_4/TouchGFX/target/generated/SoftwareMJPEGDecoder.cpp:217:6:virtual void SoftwareMJPEGDecoder::setVideoData(touchgfx::VideoDataReader&)	8	static
C:/TouchGFXProjects/MyApplication_4/TouchGFX/target/generated/SoftwareMJPEGDecoder.cpp:334:6:void SoftwareMJPEGDecoder::decodeMJPEGFrame(const uint8_t*, uint32_t, uint8_t*, uint16_t, uint16_t, uint32_t)	16	static
C:/TouchGFXProjects/MyApplication_4/TouchGFX/target/generated/SoftwareMJPEGDecoder.cpp:120:6:virtual bool SoftwareMJPEGDecoder::decodeNextFrame(uint8_t*, uint16_t, uint16_t, uint32_t)	48	static
C:/TouchGFXProjects/MyApplication_4/TouchGFX/target/generated/SoftwareMJPEGDecoder.cpp:570:12:size_t jpeg_read_file(FILE*, uint8_t*, uint32_t)	8	static
