../../Middlewares/ST/touchgfx/framework/include/touchgfx/Screen.hpp:104:18:virtual void touchgfx::Screen::afterTransition()	0	static
../../Middlewares/ST/touchgfx/framework/include/touchgfx/Screen.hpp:144:18:virtual void touchgfx::Screen::handleTickEvent()	0	static
../../Middlewares/ST/touchgfx/framework/include/touchgfx/Screen.hpp:154:18:virtual void touchgfx::Screen::handleKeyEvent(uint8_t)	0	static
C:/TouchGFXProjects/MyApplication_4/TouchGFX/gui/src/galerie_screen/galerieView.cpp:13:6:virtual void galerieView::tearDownScreen()	0	static
../../TouchGFX/gui/include/gui/galerie_screen/galerieView.hpp:11:13:galerieView::~galerieView()	8	static
../../TouchGFX/gui/include/gui/galerie_screen/galerieView.hpp:11:13:virtual galerieView::~galerieView()	8	static
C:/TouchGFXProjects/MyApplication_4/TouchGFX/gui/src/galerie_screen/galerieView.cpp:3:1:galerieView::galerieView()	8	static
C:/TouchGFXProjects/MyApplication_4/TouchGFX/gui/src/galerie_screen/galerieView.cpp:8:6:virtual void galerieView::setupScreen()	0	static
