../../Middlewares/ST/touchgfx/framework/include/touchgfx/Screen.hpp:104:18:virtual void touchgfx::Screen::afterTransition()	0	static
../../Middlewares/ST/touchgfx/framework/include/touchgfx/Screen.hpp:144:18:virtual void touchgfx::Screen::handleTickEvent()	0	static
../../Middlewares/ST/touchgfx/framework/include/touchgfx/Screen.hpp:154:18:virtual void touchgfx::Screen::handleKeyEvent(uint8_t)	0	static
../../TouchGFX/generated/gui_generated/include/gui_generated/home_screen/homeViewBase.hpp:25:18:virtual void homeViewBase::function1_test()	0	static
C:/TouchGFXProjects/MyApplication_4/TouchGFX/gui/src/home_screen/homeView.cpp:13:6:virtual void homeView::tearDownScreen()	0	static
../../TouchGFX/gui/include/gui/home_screen/homeView.hpp:11:13:homeView::~homeView()	8	static
../../TouchGFX/gui/include/gui/home_screen/homeView.hpp:11:13:virtual homeView::~homeView()	8	static
C:/TouchGFXProjects/MyApplication_4/TouchGFX/gui/src/home_screen/homeView.cpp:3:1:homeView::homeView()	8	static
C:/TouchGFXProjects/MyApplication_4/TouchGFX/gui/src/home_screen/homeView.cpp:8:6:virtual void homeView::setupScreen()	0	static
