../../Middlewares/ST/touchgfx/framework/include/touchgfx/Screen.hpp:104:18:virtual void touchgfx::Screen::afterTransition()	0	static
../../Middlewares/ST/touchgfx/framework/include/touchgfx/Screen.hpp:144:18:virtual void touchgfx::Screen::handleTickEvent()	0	static
../../Middlewares/ST/touchgfx/framework/include/touchgfx/Screen.hpp:154:18:virtual void touchgfx::Screen::handleKeyEvent(uint8_t)	0	static
C:/TouchGFXProjects/MyApplication_4/TouchGFX/gui/src/image_viewer_screen/image_viewerView.cpp:13:6:virtual void image_viewerView::tearDownScreen()	0	static
../../TouchGFX/gui/include/gui/image_viewer_screen/image_viewerView.hpp:11:13:image_viewerView::~image_viewerView()	8	static
../../TouchGFX/gui/include/gui/image_viewer_screen/image_viewerView.hpp:11:13:virtual image_viewerView::~image_viewerView()	8	static
C:/TouchGFXProjects/MyApplication_4/TouchGFX/gui/src/image_viewer_screen/image_viewerView.cpp:3:1:image_viewerView::image_viewerView()	8	static
C:/TouchGFXProjects/MyApplication_4/TouchGFX/gui/src/image_viewer_screen/image_viewerView.cpp:8:6:virtual void image_viewerView::setupScreen()	0	static
